// Jest Snapshot v1, https://goo.gl/fbAQLP

exports[`fixture with custom transform workletizes object hook wrapped ArrowFunctionExpression automatically 1`] = `
"\\"use strict\\";
useAnimatedGestureHandler({
    onStart: function() {
        const _f = function _f(event) {
            console.log(event);
        };
        _f._closure = {};
        _f.asString = \\"function _f(event){console.log(event);}\\";
        _f.__workletHash = 2164830539996;
        _f.__location = \\"${ process.cwd() }/jest tests fixture (3:17)\\";
        return _f;
    }()
});
"
`;
